2013-12-05 17:59:42.190 (FATAL) [0xfff9d028a50] --label:18671:ibm.runjob.client.Job: could not start job: block could not be found
