	0 plaquette = 4.891665e-01
	1 plaquette = 4.801570e-01
	2 plaquette = 4.668614e-01
	3 plaquette = 4.372080e-01
	4 plaquette = 4.167300e-01
	5 plaquette = 4.038602e-01
	6 plaquette = 3.882048e-01
	7 plaquette = 3.882048e-01
	8 plaquette = 3.799044e-01
	9 plaquette = 3.785772e-01
	10 plaquette = 3.895361e-01
	11 plaquette = 3.736260e-01
	12 plaquette = 3.827499e-01
	13 plaquette = 3.920591e-01
	14 plaquette = 4.001705e-01
	15 plaquette = 3.953308e-01
	16 plaquette = 3.859872e-01
	17 plaquette = 3.846721e-01
	18 plaquette = 3.871338e-01
	19 plaquette = 3.871338e-01
	20 plaquette = 3.871338e-01
	21 plaquette = 3.806547e-01
	22 plaquette = 3.901759e-01
	23 plaquette = 3.949690e-01
	24 plaquette = 3.765725e-01
	25 plaquette = 3.784624e-01
	26 plaquette = 3.807158e-01
	27 plaquette = 3.810748e-01
	28 plaquette = 3.707128e-01
	29 plaquette = 3.707128e-01
	30 plaquette = 3.707128e-01
	31 plaquette = 3.739228e-01
	32 plaquette = 3.711521e-01
	33 plaquette = 3.919137e-01
	34 plaquette = 3.860904e-01
	35 plaquette = 3.790095e-01
	36 plaquette = 3.725997e-01
	37 plaquette = 3.699453e-01
	38 plaquette = 3.641997e-01
	39 plaquette = 3.776380e-01
	40 plaquette = 3.846003e-01
	41 plaquette = 3.911309e-01
	42 plaquette = 3.780321e-01
	43 plaquette = 3.653885e-01
	44 plaquette = 3.653885e-01
	45 plaquette = 3.653885e-01
	46 plaquette = 3.697967e-01
	47 plaquette = 3.680024e-01
	48 plaquette = 3.760359e-01
	49 plaquette = 3.760359e-01
	50 plaquette = 3.702307e-01
	51 plaquette = 3.741067e-01
	52 plaquette = 3.741067e-01
	53 plaquette = 3.752043e-01
	54 plaquette = 3.842521e-01
	55 plaquette = 3.842521e-01
	56 plaquette = 3.842521e-01
	57 plaquette = 3.873562e-01
	58 plaquette = 3.849139e-01
	59 plaquette = 3.901525e-01
	60 plaquette = 3.945466e-01
	61 plaquette = 3.933337e-01
	62 plaquette = 4.057560e-01
	63 plaquette = 4.044833e-01
	64 plaquette = 3.969660e-01
	65 plaquette = 3.920522e-01
	66 plaquette = 3.866543e-01
	67 plaquette = 4.006826e-01
	68 plaquette = 3.984250e-01
	69 plaquette = 3.902286e-01
	70 plaquette = 3.914527e-01
	71 plaquette = 3.985337e-01
	72 plaquette = 3.900458e-01
	73 plaquette = 3.797789e-01
	74 plaquette = 3.836558e-01
	75 plaquette = 3.904509e-01
	76 plaquette = 3.859493e-01
	77 plaquette = 3.912449e-01
	78 plaquette = 3.749715e-01
	79 plaquette = 3.800127e-01
	80 plaquette = 3.742084e-01
	81 plaquette = 3.762823e-01
	82 plaquette = 3.664881e-01
	83 plaquette = 3.834069e-01
	84 plaquette = 3.809063e-01
	85 plaquette = 3.744816e-01
	86 plaquette = 3.934080e-01
	87 plaquette = 3.814350e-01
	88 plaquette = 3.884724e-01
	89 plaquette = 3.809056e-01
	90 plaquette = 3.809056e-01
	91 plaquette = 3.865485e-01
	92 plaquette = 3.929170e-01
	93 plaquette = 3.929170e-01
	94 plaquette = 3.893939e-01
	95 plaquette = 3.887616e-01
	96 plaquette = 3.905934e-01
	97 plaquette = 3.694812e-01
	98 plaquette = 3.735488e-01
	99 plaquette = 3.736922e-01
